    libdis_test:      00 00 00 39  strb w0, [x0]
    libdis_test+0x4:  ff ff 3f 39  strb wzr, [sp, #4095]
    libdis_test+0x8:  00 00 40 39  ldrb w0, [x0]
    libdis_test+0xc:  ff ff 7f 39  ldrb wzr, [sp, #4095]
    libdis_test+0x10: 00 00 80 39  ldrsb x0, [x0]
    libdis_test+0x14: ff ff bf 39  ldrsb xzr, [sp, #4095]
    libdis_test+0x18: 00 00 c0 39  ldrsb w0, [x0]
    libdis_test+0x1c: ff ff ff 39  ldrsb wzr, [sp, #4095]
    libdis_test+0x20: 00 00 00 79  strh w0, [x0]
    libdis_test+0x24: ff ff 3f 79  strh wzr, [sp, #8190]
    libdis_test+0x28: 00 00 40 79  ldrh w0, [x0]
    libdis_test+0x2c: ff ff 7f 79  ldrh wzr, [sp, #8190]
    libdis_test+0x30: 00 00 80 79  ldrsh x0, [x0]
    libdis_test+0x34: ff ff bf 79  ldrsh xzr, [sp, #8190]
    libdis_test+0x38: 00 00 c0 79  ldrsh w0, [x0]
    libdis_test+0x3c: ff ff ff 79  ldrsh wzr, [sp, #8190]
    libdis_test+0x40: 00 00 00 b9  str w0, [x0]
    libdis_test+0x44: ff ff 3f b9  str wzr, [sp, #16380]
    libdis_test+0x48: 00 00 40 b9  ldr w0, [x0]
    libdis_test+0x4c: ff ff 7f b9  ldr wzr, [sp, #16380]
    libdis_test+0x50: 00 00 80 b9  ldrsw x0, [x0]
    libdis_test+0x54: ff ff bf b9  ldrsw xzr, [sp, #16380]
    libdis_test+0x58: 00 00 00 f9  str x0, [x0]
    libdis_test+0x5c: ff ff 3f f9  str xzr, [sp, #32760]
    libdis_test+0x60: 00 00 40 f9  ldr x0, [x0]
    libdis_test+0x64: ff ff 7f f9  ldr xzr, [sp, #32760]
