    libdis_test:      00 68 20 38  strb w0, [x0, x0]
    libdis_test+0x4:  de eb 3e 38  strb w30, [x30, x30, sxtx]
    libdis_test+0x8:  ff fb 3f 38  strb wzr, [sp, xzr, sxtx #0]
    libdis_test+0xc:  ff 7b 3f 38  strb wzr, [sp, xzr, lsl #0]
    libdis_test+0x10: 00 68 60 38  ldrb w0, [x0, x0]
    libdis_test+0x14: de eb 7e 38  ldrb w30, [x30, x30, sxtx]
    libdis_test+0x18: ff fb 7f 38  ldrb wzr, [sp, xzr, sxtx #0]
    libdis_test+0x1c: ff 7b 7f 38  ldrb wzr, [sp, xzr, lsl #0]
    libdis_test+0x20: 00 68 e0 38  ldrsb w0, [x0, x0]
    libdis_test+0x24: de eb fe 38  ldrsb w30, [x30, x30, sxtx]
    libdis_test+0x28: ff fb ff 38  ldrsb wzr, [sp, xzr, sxtx #0]
    libdis_test+0x2c: ff 7b ff 38  ldrsb wzr, [sp, xzr, lsl #0]
    libdis_test+0x30: 00 68 a0 38  ldrsb x0, [x0, x0]
    libdis_test+0x34: de 4b be 38  ldrsb x30, [x30, w30, uxtw]
    libdis_test+0x38: ff 5b bf 38  ldrsb xzr, [sp, wzr, uxtw #0]
    libdis_test+0x3c: ff 7b bf 38  ldrsb xzr, [sp, xzr, lsl #0]
    libdis_test+0x40: ff db bf 38  ldrsb xzr, [sp, wzr, sxtw #0]
    libdis_test+0x44: ff fb bf 38  ldrsb xzr, [sp, xzr, sxtx #0]
    libdis_test+0x48: 00 68 20 b8  str w0, [x0, x0]
    libdis_test+0x4c: de eb 3e b8  str w30, [x30, x30, sxtx]
    libdis_test+0x50: ff fb 3f b8  str wzr, [sp, xzr, sxtx #2]
    libdis_test+0x54: ff 6b 3f b8  str wzr, [sp, xzr]
    libdis_test+0x58: 00 68 20 f8  str x0, [x0, x0]
    libdis_test+0x5c: de 4b 3e f8  str x30, [x30, w30, uxtw]
    libdis_test+0x60: ff 5b 3f f8  str xzr, [sp, wzr, uxtw #3]
    libdis_test+0x64: ff 7b 3f f8  str xzr, [sp, xzr, lsl #3]
    libdis_test+0x68: ff db 3f f8  str xzr, [sp, wzr, sxtw #3]
    libdis_test+0x6c: ff fb 3f f8  str xzr, [sp, xzr, sxtx #3]
    libdis_test+0x70: 00 68 60 b8  ldr w0, [x0, x0]
    libdis_test+0x74: de eb 7e b8  ldr w30, [x30, x30, sxtx]
    libdis_test+0x78: ff fb 7f b8  ldr wzr, [sp, xzr, sxtx #2]
    libdis_test+0x7c: ff 6b 7f b8  ldr wzr, [sp, xzr]
    libdis_test+0x80: 00 68 60 f8  ldr x0, [x0, x0]
    libdis_test+0x84: de 4b 7e f8  ldr x30, [x30, w30, uxtw]
    libdis_test+0x88: ff 5b 7f f8  ldr xzr, [sp, wzr, uxtw #3]
    libdis_test+0x8c: ff 7b 7f f8  ldr xzr, [sp, xzr, lsl #3]
    libdis_test+0x90: ff db 7f f8  ldr xzr, [sp, wzr, sxtw #3]
    libdis_test+0x94: ff fb 7f f8  ldr xzr, [sp, xzr, sxtx #3]
    libdis_test+0x98: 00 68 20 78  strh w0, [x0, x0]
    libdis_test+0x9c: de eb 3e 78  strh w30, [x30, x30, sxtx]
    libdis_test+0xa0: ff fb 3f 78  strh wzr, [sp, xzr, sxtx #1]
    libdis_test+0xa4: ff 6b 3f 78  strh wzr, [sp, xzr]
    libdis_test+0xa8: 00 68 60 78  ldrh w0, [x0, x0]
    libdis_test+0xac: de eb 7e 78  ldrh w30, [x30, x30, sxtx]
    libdis_test+0xb0: ff fb 7f 78  ldrh wzr, [sp, xzr, sxtx #1]
    libdis_test+0xb4: ff 6b 7f 78  ldrh wzr, [sp, xzr]
    libdis_test+0xb8: 00 68 e0 78  ldrsh w0, [x0, x0]
    libdis_test+0xbc: de eb fe 78  ldrsh w30, [x30, x30, sxtx]
    libdis_test+0xc0: ff fb ff 78  ldrsh wzr, [sp, xzr, sxtx #1]
    libdis_test+0xc4: ff 6b ff 78  ldrsh wzr, [sp, xzr]
    libdis_test+0xc8: 00 68 a0 78  ldrsh x0, [x0, x0]
    libdis_test+0xcc: de 4b be 78  ldrsh x30, [x30, w30, uxtw]
    libdis_test+0xd0: ff 5b bf 78  ldrsh xzr, [sp, wzr, uxtw #1]
    libdis_test+0xd4: ff 7b bf 78  ldrsh xzr, [sp, xzr, lsl #1]
    libdis_test+0xd8: ff db bf 78  ldrsh xzr, [sp, wzr, sxtw #1]
    libdis_test+0xdc: ff fb bf 78  ldrsh xzr, [sp, xzr, sxtx #1]
    libdis_test+0xe0: 00 68 a0 b8  ldrsw x0, [x0, x0]
    libdis_test+0xe4: de 4b be b8  ldrsw x30, [x30, w30, uxtw]
    libdis_test+0xe8: ff 5b bf b8  ldrsw xzr, [sp, wzr, uxtw #2]
    libdis_test+0xec: ff 7b bf b8  ldrsw xzr, [sp, xzr, lsl #2]
    libdis_test+0xf0: ff db bf b8  ldrsw xzr, [sp, wzr, sxtw #2]
    libdis_test+0xf4: ff fb bf b8  ldrsw xzr, [sp, xzr, sxtx #2]
