    libdis_test:      e0 01 9f 13  extr w0, w15, wzr, #0x0
    libdis_test+0x4:  e0 7d 9f 13  extr w0, w15, wzr, #0x1f
    libdis_test+0x8:  e0 01 df 93  extr x0, x15, xzr, #0x0
    libdis_test+0xc:  e0 fd df 93  extr x0, x15, xzr, #0x3f
    libdis_test+0x10: e0 03 9f 13  extr w0, wzr, wzr, #0x0
    libdis_test+0x14: e0 7f 9f 13  extr w0, wzr, wzr, #0x1f
    libdis_test+0x18: e0 03 df 93  extr x0, xzr, xzr, #0x0
    libdis_test+0x1c: e0 7f df 93  extr x0, xzr, xzr, #0x1f
