    libdis_test:      00 00 00 28  stnp w0, w0, [x0]
    libdis_test+0x4:  de fb 1f 28  stnp w30, w30, [x30, #252]
    libdis_test+0x8:  ff 7f 20 28  stnp wzr, wzr, [sp, #-256]
    libdis_test+0xc:  00 00 00 a8  stnp x0, x0, [x0]
    libdis_test+0x10: de fb 1f a8  stnp x30, x30, [x30, #504]
    libdis_test+0x14: ff 7f 20 a8  stnp xzr, xzr, [sp, #-512]
    libdis_test+0x18: 00 00 40 28  ldnp w0, w0, [x0]
    libdis_test+0x1c: de fb 5f 28  ldnp w30, w30, [x30, #252]
    libdis_test+0x20: ff 7f 60 28  ldnp wzr, wzr, [sp, #-256]
    libdis_test+0x24: 00 00 40 a8  ldnp x0, x0, [x0]
    libdis_test+0x28: de fb 5f a8  ldnp x30, x30, [x30, #504]
    libdis_test+0x2c: ff 7f 60 a8  ldnp xzr, xzr, [sp, #-512]
