    libdis_test:     40 00 00 18  ldr w0, +0x8 	<libdis_test+0x8>
    libdis_test+0x4: ff ff ff 58  ldr xzr, -0x4 	<libdis_test>
    libdis_test+0x8: de ff ff 98  ldrsw x30, -0x8 	<libdis_test>
