    libdis_test:      5f 03 00 10  adr xzr, +0x68 	<libdis_test+0x68>
    libdis_test+0x4:  00 00 00 90  adrp x0, -0x4 	<libdis_test>
    libdis_test+0x8:  e0 13 00 11  add w0, wsp, #0x4
    libdis_test+0xc:  7f 06 40 11  add wsp, w19, #0x1, lsl #12
    libdis_test+0x10: 2a fc 03 b1  adds x10, x1, #0xff
    libdis_test+0x14: ea ff 03 b1  adds x10, sp, #0xff
    libdis_test+0x18: 3f 40 40 d1  sub sp, x1, #0x10, lsl #12
    libdis_test+0x1c: e0 23 00 f1  subs x0, sp, #0x8
    libdis_test+0x20: 04 bd bf 12  movn w4, #0xfde8, lsl #16
    libdis_test+0x24: ef 1f e0 92  movn x15, #0xff, lsl #48
    libdis_test+0x28: 24 00 80 52  movz w4, #0x1
    libdis_test+0x2c: 4d 00 c0 d2  movz x13, #0x2, lsl #32
    libdis_test+0x30: 1f 02 80 72  movk wzr, #0x10
    libdis_test+0x34: 80 00 a0 f2  movk x0, #0x4, lsl #16
    libdis_test+0x38: 24 01 00 13  sbfm w4, w9, #0x0, #0x0
    libdis_test+0x3c: 43 25 41 93  sbfm x3, x10, #0x1, #0x9
    libdis_test+0x40: 24 7d 00 33  bfm w4, w9, #0x0, #0x1f
    libdis_test+0x44: ea e7 42 b3  bfm x10, xzr, #0x2, #0x39
    libdis_test+0x48: 21 0d 17 53  ubfm w1, w9, #0x17, #0x3
    libdis_test+0x4c: 1f 18 40 d3  ubfm xzr, x0, #0x0, #0x6
    libdis_test+0x50: 20 7c 9f 13  extr w0, w1, wzr, #0x1f
    libdis_test+0x54: e0 13 81 13  extr w0, wzr, w1, #0x4
    libdis_test+0x58: bf 04 9e 13  extr wzr, w5, w30, #0x1
    libdis_test+0x5c: 2b f0 df 93  extr x11, x1, xzr, #0x3c
    libdis_test+0x60: f2 af d3 93  extr x18, xzr, x19, #0x2b
    libdis_test+0x64: 3f 0f de 93  extr xzr, x25, x30, #0x3
    libdis_test+0x68: 00 00 00 8b  add x0, x0, x0
